Test simple
Erreur DashboardService: Mapper Mapper[Chargetransport(chargetransport)] could not assemble any primary key columns for mapped table 'chargetransport'
FormChoices OK
AppConstants OK
Test terminΘ
